[22-Sep-2026 08:08:33 America/Bogota] PHP Fatal error:  Uncaught Error: Failed opening required 'modulos/diseno/' (include_path='C:\xampp\php\PEAR') in C:\xampp\htdocs\voley\descarga.php:53
Stack trace:
#0 C:\xampp\htdocs\voley\index.php(55): require_once()
#1 {main}
  thrown in C:\xampp\htdocs\voley\descarga.php on line 53
[22-Sep-2026 09:25:58 America/Bogota] PHP Fatal error:  Uncaught Error: Failed opening required 'modulos/diseno/' (include_path='C:\xampp\php\PEAR') in C:\xampp\htdocs\voley\ingreso.php:16
Stack trace:
#0 C:\xampp\htdocs\voley\pagina.php(18): include_once()
#1 C:\xampp\htdocs\voley\index.php(55): require_once('C:\\xampp\\htdocs...')
#2 {main}
  thrown in C:\xampp\htdocs\voley\ingreso.php on line 16
[22-Sep-2026 09:39:55 America/Bogota] PHP Fatal error:  Uncaught Error: Failed opening required 'modulos/diseno/' (include_path='C:\xampp\php\PEAR') in C:\xampp\htdocs\voley\descarga.php:53
Stack trace:
#0 C:\xampp\htdocs\voley\index.php(55): require_once()
#1 {main}
  thrown in C:\xampp\htdocs\voley\descarga.php on line 53
[22-Sep-2026 10:18:45 America/Bogota] SQLSTATE[42S22]: Column not found: 1054 Unknown column 'u.rol' in 'where clause' (Connection: default, SQL: SELECT p.menu FROM admin_permiso_menu p, admin_usuario u 
                WHERE u.rol=p.rol AND p.menu='diseno' AND p.rol='4' LIMIT 1 OFFSET 0)
[22-Sep-2026 10:23:18 America/Bogota] SQLSTATE[42S22]: Column not found: 1054 Unknown column 'u.rol' in 'where clause' (Connection: default, SQL: SELECT p.menu FROM admin_permiso_menu p, admin_usuario u 
                WHERE u.rol=p.rol AND p.menu='diseno' AND p.rol='4' LIMIT 1 OFFSET 0)
[22-Sep-2026 10:24:42 America/Bogota] SQLSTATE[42S22]: Column not found: 1054 Unknown column 'u.rol' in 'where clause' (Connection: default, SQL: SELECT p.menu FROM admin_permiso_menu p, admin_usuario u 
                WHERE u.rol=p.rol AND p.menu='diseno' AND p.rol='4' LIMIT 1 OFFSET 0)
[22-Sep-2026 10:25:09 America/Bogota] SQLSTATE[42S22]: Column not found: 1054 Unknown column 'u.rol' in 'where clause' (Connection: default, SQL: SELECT p.menu FROM admin_permiso_menu p, admin_usuario u 
                WHERE u.rol=p.rol AND p.menu='diseno' AND p.rol='4' LIMIT 1 OFFSET 0)
[22-Sep-2026 10:25:29 America/Bogota] SQLSTATE[42S22]: Column not found: 1054 Unknown column 'u.rol' in 'where clause' (Connection: default, SQL: SELECT p.menu FROM admin_permiso_menu p, admin_usuario u 
                WHERE u.rol=p.rol AND p.menu='diseno' AND p.rol='4' LIMIT 1 OFFSET 0)
[22-Sep-2026 10:25:34 America/Bogota] SQLSTATE[42S22]: Column not found: 1054 Unknown column 'u.rol' in 'where clause' (Connection: default, SQL: SELECT p.menu FROM admin_permiso_menu p, admin_usuario u 
                WHERE u.rol=p.rol AND p.menu='permisos-por-rol' AND p.rol='4' LIMIT 1 OFFSET 0)
[22-Sep-2026 10:25:38 America/Bogota] SQLSTATE[42S22]: Column not found: 1054 Unknown column 'u.rol' in 'where clause' (Connection: default, SQL: SELECT p.menu FROM admin_permiso_menu p, admin_usuario u 
                WHERE u.rol=p.rol AND p.menu='roles' AND p.rol='4' LIMIT 1 OFFSET 0)
[22-Sep-2026 10:25:40 America/Bogota] SQLSTATE[42S22]: Column not found: 1054 Unknown column 'u.rol' in 'where clause' (Connection: default, SQL: SELECT p.menu FROM admin_permiso_menu p, admin_usuario u 
                WHERE u.rol=p.rol AND p.menu='usuarios' AND p.rol='4' LIMIT 1 OFFSET 0)
[22-Sep-2026 10:25:50 America/Bogota] SQLSTATE[42S22]: Column not found: 1054 Unknown column 'u.rol' in 'where clause' (Connection: default, SQL: SELECT p.menu FROM admin_permiso_menu p, admin_usuario u 
                WHERE u.rol=p.rol AND p.menu='usuarios' AND p.rol='4' LIMIT 1 OFFSET 0)
[22-Sep-2026 10:26:05 America/Bogota] PHP Fatal error:  Uncaught Error: Call to undefined function verificar_clave() in C:\xampp\htdocs\voley\modulos\sesion\acciones.php:90
Stack trace:
#0 C:\xampp\htdocs\voley\modulos\sesion\acciones.php(210): Sesion->iniciar()
#1 C:\xampp\htdocs\voley\descarga.php(53): require_once('C:\\xampp\\htdocs...')
#2 C:\xampp\htdocs\voley\index.php(55): require_once('C:\\xampp\\htdocs...')
#3 {main}
  thrown in C:\xampp\htdocs\voley\modulos\sesion\acciones.php on line 90
[22-Sep-2026 10:26:27 America/Bogota] PHP Fatal error:  Uncaught Error: Call to undefined function verificar_clave() in C:\xampp\htdocs\voley\modulos\sesion\acciones.php:90
Stack trace:
#0 C:\xampp\htdocs\voley\modulos\sesion\acciones.php(210): Sesion->iniciar()
#1 C:\xampp\htdocs\voley\descarga.php(53): require_once('C:\\xampp\\htdocs...')
#2 C:\xampp\htdocs\voley\index.php(55): require_once('C:\\xampp\\htdocs...')
#3 {main}
  thrown in C:\xampp\htdocs\voley\modulos\sesion\acciones.php on line 90
[22-Sep-2026 10:36:52 America/Bogota] PHP Fatal error:  Uncaught Error: Call to undefined function verificar_clave() in C:\xampp\htdocs\voley\modulos\sesion\acciones.php:90
Stack trace:
#0 C:\xampp\htdocs\voley\modulos\sesion\acciones.php(210): Sesion->iniciar()
#1 C:\xampp\htdocs\voley\descarga.php(53): require_once('C:\\xampp\\htdocs...')
#2 C:\xampp\htdocs\voley\index.php(55): require_once('C:\\xampp\\htdocs...')
#3 {main}
  thrown in C:\xampp\htdocs\voley\modulos\sesion\acciones.php on line 90
[22-Sep-2026 10:37:11 America/Bogota] PHP Fatal error:  Uncaught Error: Call to undefined function verificar_clave() in C:\xampp\htdocs\voley\modulos\sesion\acciones.php:90
Stack trace:
#0 C:\xampp\htdocs\voley\modulos\sesion\acciones.php(210): Sesion->iniciar()
#1 C:\xampp\htdocs\voley\descarga.php(53): require_once('C:\\xampp\\htdocs...')
#2 C:\xampp\htdocs\voley\index.php(55): require_once('C:\\xampp\\htdocs...')
#3 {main}
  thrown in C:\xampp\htdocs\voley\modulos\sesion\acciones.php on line 90
[22-Sep-2026 11:07:48 America/Bogota] SQLSTATE[42S22]: Column not found: 1054 Unknown column 'u.rol' in 'where clause' (Connection: default, SQL: SELECT p.menu FROM admin_permiso_menu p, admin_usuario u 
                WHERE u.rol=p.rol AND p.menu='permisos-por-rol' AND p.rol='4' LIMIT 1 OFFSET 0)
[22-Sep-2026 11:07:56 America/Bogota] SQLSTATE[42S22]: Column not found: 1054 Unknown column 'u.rol' in 'where clause' (Connection: default, SQL: SELECT p.menu FROM admin_permiso_menu p, admin_usuario u 
                WHERE u.rol=p.rol AND p.menu='restaurar_clave' AND p.rol='4' LIMIT 1 OFFSET 0)
[22-Sep-2026 11:07:58 America/Bogota] SQLSTATE[42S22]: Column not found: 1054 Unknown column 'u.rol' in 'where clause' (Connection: default, SQL: SELECT p.menu FROM admin_permiso_menu p, admin_usuario u 
                WHERE u.rol=p.rol AND p.menu='clave_usuarios' AND p.rol='4' LIMIT 1 OFFSET 0)
[22-Sep-2026 11:15:10 America/Bogota] SQLSTATE[42S22]: Column not found: 1054 Unknown column 'u.rol' in 'where clause' (Connection: default, SQL: SELECT p.menu FROM admin_permiso_menu p, admin_usuario u 
                WHERE u.rol=p.rol AND p.menu='clave_usuarios' AND p.rol='4' LIMIT 1 OFFSET 0)
[22-Sep-2026 11:53:58 America/Bogota] SQLSTATE[42S22]: Column not found: 1054 Unknown column 'u.rol_id' in 'where clause' (Connection: default, SQL: SELECT
            m.*,
            (SELECT COUNT(*) FROM admin_menu WHERE padre = m.menu) as hijos,
            (SELECT 'S' FROM admin_permiso_menu p, admin_usuario u
             WHERE (u.rol_id = p.rol AND p.menu = m.menu AND u.persona_id = '1')
                OR (p.rol = '4' AND p.menu = m.menu) LIMIT 1) as disponible
        FROM admin_menu m
        WHERE m.visible = 'S' AND m.acceso IN ('1','3','7')
        ORDER BY m.orden, m.nombre)
[22-Sep-2026 11:54:05 America/Bogota] SQLSTATE[42S22]: Column not found: 1054 Unknown column 'u.rol_id' in 'where clause' (Connection: default, SQL: SELECT
            m.*,
            (SELECT COUNT(*) FROM admin_menu WHERE padre = m.menu) as hijos,
            (SELECT 'S' FROM admin_permiso_menu p, admin_usuario u
             WHERE (u.rol_id = p.rol AND p.menu = m.menu AND u.persona_id = '1')
                OR (p.rol = '4' AND p.menu = m.menu) LIMIT 1) as disponible
        FROM admin_menu m
        WHERE m.visible = 'S' AND m.acceso IN ('1','3','7')
        ORDER BY m.orden, m.nombre)
[22-Sep-2026 14:07:00 America/Bogota] PHP Fatal error:  Uncaught Error: Call to undefined method TemaDiseno::obtener() in C:\xampp\htdocs\voley\modulos\diseno\acciones.php:264
Stack trace:
#0 C:\xampp\htdocs\voley\descarga.php(53): require_once()
#1 C:\xampp\htdocs\voley\index.php(55): require_once('C:\\xampp\\htdocs...')
#2 {main}
  thrown in C:\xampp\htdocs\voley\modulos\diseno\acciones.php on line 264
[22-Sep-2026 14:07:10 America/Bogota] PHP Fatal error:  Uncaught Error: Call to undefined method TemaDiseno::obtener() in C:\xampp\htdocs\voley\modulos\diseno\acciones.php:264
Stack trace:
#0 C:\xampp\htdocs\voley\descarga.php(53): require_once()
#1 C:\xampp\htdocs\voley\index.php(55): require_once('C:\\xampp\\htdocs...')
#2 {main}
  thrown in C:\xampp\htdocs\voley\modulos\diseno\acciones.php on line 264
[22-Sep-2026 14:07:15 America/Bogota] PHP Fatal error:  Uncaught Error: Call to undefined method TemaDiseno::obtener() in C:\xampp\htdocs\voley\modulos\diseno\acciones.php:264
Stack trace:
#0 C:\xampp\htdocs\voley\descarga.php(53): require_once()
#1 C:\xampp\htdocs\voley\index.php(55): require_once('C:\\xampp\\htdocs...')
#2 {main}
  thrown in C:\xampp\htdocs\voley\modulos\diseno\acciones.php on line 264
[22-Sep-2026 14:08:37 America/Bogota] PHP Fatal error:  Uncaught Error: Call to undefined method TemaDiseno::obtener() in C:\xampp\htdocs\voley\modulos\diseno\acciones.php:264
Stack trace:
#0 C:\xampp\htdocs\voley\descarga.php(53): require_once()
#1 C:\xampp\htdocs\voley\index.php(55): require_once('C:\\xampp\\htdocs...')
#2 {main}
  thrown in C:\xampp\htdocs\voley\modulos\diseno\acciones.php on line 264
[22-Sep-2026 14:08:53 America/Bogota] SQLSTATE[42S22]: Column not found: 1054 Unknown column 'admin_usuario.rol_id' in 'field list' (Connection: default, SQL: SELECT p.*,
                p.identificacion as identifica,
                p.celular as telefono,
                CONCAT_WS(' ', p.nombre1, p.apellido1, p.apellido2) as nombre_completo,
                p.id as _NUM_,
                admin_usuario.rol_id as rol,
                admin_rol.nombre as rol_nombre
                FROM persona p
                LEFT JOIN admin_usuario ON admin_usuario.persona_id = p.id
                LEFT JOIN admin_rol ON admin_rol.id = admin_usuario.rol_id
                WHERE 1=1  ORDER BY p.id ASC)
[22-Sep-2026 14:08:53 America/Bogota] SQLSTATE[42S22]: Column not found: 1054 Unknown column 'admin_usuario.rol_id' in 'field list' (Connection: default, SQL: SELECT p.*,
                p.identificacion as identifica,
                p.celular as telefono,
                CONCAT_WS(' ', p.nombre1, p.apellido1, p.apellido2) as nombre_completo,
                p.id as _NUM_,
                admin_usuario.rol_id as rol,
                admin_rol.nombre as rol_nombre
                FROM persona p
                LEFT JOIN admin_usuario ON admin_usuario.persona_id = p.id
                LEFT JOIN admin_rol ON admin_rol.id = admin_usuario.rol_id
                WHERE 1=1  ORDER BY p.id ASC LIMIT 10 OFFSET 0)
[22-Sep-2026 14:08:55 America/Bogota] SQLSTATE[42S22]: Column not found: 1054 Unknown column 'admin_usuario.rol_id' in 'field list' (Connection: default, SQL: SELECT p.*,
                p.identificacion as identifica,
                p.celular as telefono,
                CONCAT_WS(' ', p.nombre1, p.apellido1, p.apellido2) as nombre_completo,
                p.id as _NUM_,
                admin_usuario.rol_id as rol,
                admin_rol.nombre as rol_nombre
                FROM persona p
                LEFT JOIN admin_usuario ON admin_usuario.persona_id = p.id
                LEFT JOIN admin_rol ON admin_rol.id = admin_usuario.rol_id
                WHERE 1=1  ORDER BY p.id ASC)
[22-Sep-2026 14:08:55 America/Bogota] SQLSTATE[42S22]: Column not found: 1054 Unknown column 'admin_usuario.rol_id' in 'field list' (Connection: default, SQL: SELECT p.*,
                p.identificacion as identifica,
                p.celular as telefono,
                CONCAT_WS(' ', p.nombre1, p.apellido1, p.apellido2) as nombre_completo,
                p.id as _NUM_,
                admin_usuario.rol_id as rol,
                admin_rol.nombre as rol_nombre
                FROM persona p
                LEFT JOIN admin_usuario ON admin_usuario.persona_id = p.id
                LEFT JOIN admin_rol ON admin_rol.id = admin_usuario.rol_id
                WHERE 1=1  ORDER BY p.id ASC LIMIT 10 OFFSET 0)
[22-Sep-2026 14:08:58 America/Bogota] SQLSTATE[42S22]: Column not found: 1054 Unknown column 'au.rol_id' in 'where clause' (Connection: default, SQL: SELECT r.*,
                       (SELECT COUNT(*) FROM admin_usuario au WHERE au.rol_id = r.id) AS total_usuarios
                FROM admin_rol r
                WHERE 1=1 ORDER BY r.id ASC)
[22-Sep-2026 14:08:58 America/Bogota] SQLSTATE[42S22]: Column not found: 1054 Unknown column 'au.rol_id' in 'where clause' (Connection: default, SQL: SELECT r.*,
                       (SELECT COUNT(*) FROM admin_usuario au WHERE au.rol_id = r.id) AS total_usuarios
                FROM admin_rol r
                WHERE 1=1 ORDER BY r.id ASC LIMIT 10 OFFSET 0)
[22-Sep-2026 14:09:06 America/Bogota] PHP Fatal error:  Uncaught Error: Call to undefined method TemaDiseno::obtener() in C:\xampp\htdocs\voley\modulos\diseno\acciones.php:264
Stack trace:
#0 C:\xampp\htdocs\voley\descarga.php(53): require_once()
#1 C:\xampp\htdocs\voley\index.php(55): require_once('C:\\xampp\\htdocs...')
#2 {main}
  thrown in C:\xampp\htdocs\voley\modulos\diseno\acciones.php on line 264
[22-Sep-2026 14:59:47 America/Bogota] PHP Fatal error:  Uncaught Error: Call to undefined method TemaDiseno::obtener() in C:\xampp\htdocs\voley\modulos\diseno\acciones.php:264
Stack trace:
#0 C:\xampp\htdocs\voley\descarga.php(53): require_once()
#1 C:\xampp\htdocs\voley\index.php(55): require_once('C:\\xampp\\htdocs...')
#2 {main}
  thrown in C:\xampp\htdocs\voley\modulos\diseno\acciones.php on line 264
[22-Sep-2026 15:30:41 America/Bogota] PHP Fatal error:  Uncaught Error: Call to undefined method TemaDiseno::obtener() in C:\xampp\htdocs\voley\modulos\diseno\acciones.php:264
Stack trace:
#0 C:\xampp\htdocs\voley\descarga.php(53): require_once()
#1 C:\xampp\htdocs\voley\index.php(55): require_once('C:\\xampp\\htdocs...')
#2 {main}
  thrown in C:\xampp\htdocs\voley\modulos\diseno\acciones.php on line 264
