[23-Sep-2026 17:01:43 America/Bogota] SQLSTATE[42000]: Syntax error or access violation: 1064 You have an error in your SQL syntax; check the manual that corresponds to your MariaDB server version for the right syntax to use near 'LIMIT 1 OFFSET 0' at line 1 (Connection: default, SQL: SELECT * FROM diseno_tema WHERE activo = 1 ORDER BY id DESC LIMIT 1 LIMIT 1 OFFSET 0)
[24-Sep-2026 08:11:58 America/Bogota] SQLSTATE[42000]: Syntax error or access violation: 1064 You have an error in your SQL syntax; check the manual that corresponds to your MariaDB server version for the right syntax to use near 'LIMIT 1 OFFSET 0' at line 1 (Connection: default, SQL: SELECT * FROM diseno_tema WHERE activo = 1 ORDER BY id DESC LIMIT 1 LIMIT 1 OFFSET 0)
[24-Sep-2026 08:12:28 America/Bogota] SQLSTATE[42000]: Syntax error or access violation: 1064 You have an error in your SQL syntax; check the manual that corresponds to your MariaDB server version for the right syntax to use near 'LIMIT 1 OFFSET 0' at line 1 (Connection: default, SQL: SELECT * FROM diseno_tema WHERE activo = 1 ORDER BY id DESC LIMIT 1 LIMIT 1 OFFSET 0)
[24-Sep-2026 10:53:18 America/Bogota] SQLSTATE[42S02]: Base table or view not found: 1146 Table 'voley_plus.v_afiliacion' doesn't exist (Connection: default, SQL: SELECT a.id,
                       CONCAT_WS(' ', p1.nombre1, p1.nombre2, p1.apellido1, p1.apellido2) AS acudiente_nombre,
                       CONCAT_WS(' ', p2.nombre1, p2.nombre2, p2.apellido1, p2.apellido2) AS deportista_nombre,
                       a.estado,
                       a.porcentaje_completado,
                       a.fecha_solicitud,
                       a.fecha_aprobacion
                FROM v_afiliacion a
                INNER JOIN v_acudiente ac ON a.acudiente_id = ac.id
                INNER JOIN persona p1 ON ac.persona_id = p1.id
                INNER JOIN v_deportista d ON a.deportista_id = d.id
                INNER JOIN persona p2 ON d.persona_id = p2.id
                WHERE 1=1 ORDER BY a.fecha_solicitud DESC)
[24-Sep-2026 10:53:18 America/Bogota] SQLSTATE[42S02]: Base table or view not found: 1146 Table 'voley_plus.v_afiliacion' doesn't exist (Connection: default, SQL: SELECT a.id,
                       CONCAT_WS(' ', p1.nombre1, p1.nombre2, p1.apellido1, p1.apellido2) AS acudiente_nombre,
                       CONCAT_WS(' ', p2.nombre1, p2.nombre2, p2.apellido1, p2.apellido2) AS deportista_nombre,
                       a.estado,
                       a.porcentaje_completado,
                       a.fecha_solicitud,
                       a.fecha_aprobacion
                FROM v_afiliacion a
                INNER JOIN v_acudiente ac ON a.acudiente_id = ac.id
                INNER JOIN persona p1 ON ac.persona_id = p1.id
                INNER JOIN v_deportista d ON a.deportista_id = d.id
                INNER JOIN persona p2 ON d.persona_id = p2.id
                WHERE 1=1 ORDER BY a.fecha_solicitud DESC LIMIT 50 OFFSET 0)
[24-Sep-2026 11:04:10 America/Bogota] SQLSTATE[42S02]: Base table or view not found: 1146 Table 'voley_plus.v_afiliacion' doesn't exist (Connection: default, SQL: SELECT a.id,
                       CONCAT_WS(' ', p1.nombre1, p1.nombre2, p1.apellido1, p1.apellido2) AS acudiente_nombre,
                       CONCAT_WS(' ', p2.nombre1, p2.nombre2, p2.apellido1, p2.apellido2) AS deportista_nombre,
                       a.estado,
                       a.porcentaje_completado,
                       a.fecha_solicitud,
                       a.fecha_aprobacion
                FROM v_afiliacion a
                INNER JOIN v_acudiente ac ON a.acudiente_id = ac.id
                INNER JOIN persona p1 ON ac.persona_id = p1.id
                INNER JOIN v_deportista d ON a.deportista_id = d.id
                INNER JOIN persona p2 ON d.persona_id = p2.id
                WHERE 1=1 ORDER BY a.fecha_solicitud DESC)
[24-Sep-2026 11:04:10 America/Bogota] SQLSTATE[42S02]: Base table or view not found: 1146 Table 'voley_plus.v_afiliacion' doesn't exist (Connection: default, SQL: SELECT a.id,
                       CONCAT_WS(' ', p1.nombre1, p1.nombre2, p1.apellido1, p1.apellido2) AS acudiente_nombre,
                       CONCAT_WS(' ', p2.nombre1, p2.nombre2, p2.apellido1, p2.apellido2) AS deportista_nombre,
                       a.estado,
                       a.porcentaje_completado,
                       a.fecha_solicitud,
                       a.fecha_aprobacion
                FROM v_afiliacion a
                INNER JOIN v_acudiente ac ON a.acudiente_id = ac.id
                INNER JOIN persona p1 ON ac.persona_id = p1.id
                INNER JOIN v_deportista d ON a.deportista_id = d.id
                INNER JOIN persona p2 ON d.persona_id = p2.id
                WHERE 1=1 ORDER BY a.fecha_solicitud DESC LIMIT 50 OFFSET 0)
[24-Sep-2026 14:16:51 America/Bogota] SQLSTATE[42S02]: Base table or view not found: 1146 Table 'voley_plus.v_afiliacion' doesn't exist (Connection: default, SQL: SELECT a.id,
                       CONCAT_WS(' ', p1.nombre1, p1.nombre2, p1.apellido1, p1.apellido2) AS acudiente_nombre,
                       CONCAT_WS(' ', p2.nombre1, p2.nombre2, p2.apellido1, p2.apellido2) AS deportista_nombre,
                       a.estado,
                       a.porcentaje_completado,
                       a.fecha_solicitud,
                       a.fecha_aprobacion
                FROM v_afiliacion a
                INNER JOIN v_acudiente ac ON a.acudiente_id = ac.id
                INNER JOIN persona p1 ON ac.persona_id = p1.id
                INNER JOIN v_deportista d ON a.deportista_id = d.id
                INNER JOIN persona p2 ON d.persona_id = p2.id
                WHERE 1=1 ORDER BY a.fecha_solicitud DESC)
[24-Sep-2026 14:16:51 America/Bogota] SQLSTATE[42S02]: Base table or view not found: 1146 Table 'voley_plus.v_afiliacion' doesn't exist (Connection: default, SQL: SELECT a.id,
                       CONCAT_WS(' ', p1.nombre1, p1.nombre2, p1.apellido1, p1.apellido2) AS acudiente_nombre,
                       CONCAT_WS(' ', p2.nombre1, p2.nombre2, p2.apellido1, p2.apellido2) AS deportista_nombre,
                       a.estado,
                       a.porcentaje_completado,
                       a.fecha_solicitud,
                       a.fecha_aprobacion
                FROM v_afiliacion a
                INNER JOIN v_acudiente ac ON a.acudiente_id = ac.id
                INNER JOIN persona p1 ON ac.persona_id = p1.id
                INNER JOIN v_deportista d ON a.deportista_id = d.id
                INNER JOIN persona p2 ON d.persona_id = p2.id
                WHERE 1=1 ORDER BY a.fecha_solicitud DESC LIMIT 50 OFFSET 0)
[24-Sep-2026 14:40:04 America/Bogota] SQLSTATE[42S02]: Base table or view not found: 1146 Table 'voley_plus.v_afiliacion' doesn't exist (Connection: default, SQL: SELECT a.id,
                       CONCAT_WS(' ', p1.nombre1, p1.nombre2, p1.apellido1, p1.apellido2) AS acudiente_nombre,
                       CONCAT_WS(' ', p2.nombre1, p2.nombre2, p2.apellido1, p2.apellido2) AS deportista_nombre,
                       a.estado,
                       a.porcentaje_completado,
                       a.fecha_solicitud,
                       a.fecha_aprobacion
                FROM v_afiliacion a
                INNER JOIN v_acudiente ac ON a.acudiente_id = ac.id
                INNER JOIN persona p1 ON ac.persona_id = p1.id
                INNER JOIN v_deportista d ON a.deportista_id = d.id
                INNER JOIN persona p2 ON d.persona_id = p2.id
                WHERE 1=1 ORDER BY a.fecha_solicitud DESC)
[24-Sep-2026 14:40:04 America/Bogota] SQLSTATE[42S02]: Base table or view not found: 1146 Table 'voley_plus.v_afiliacion' doesn't exist (Connection: default, SQL: SELECT a.id,
                       CONCAT_WS(' ', p1.nombre1, p1.nombre2, p1.apellido1, p1.apellido2) AS acudiente_nombre,
                       CONCAT_WS(' ', p2.nombre1, p2.nombre2, p2.apellido1, p2.apellido2) AS deportista_nombre,
                       a.estado,
                       a.porcentaje_completado,
                       a.fecha_solicitud,
                       a.fecha_aprobacion
                FROM v_afiliacion a
                INNER JOIN v_acudiente ac ON a.acudiente_id = ac.id
                INNER JOIN persona p1 ON ac.persona_id = p1.id
                INNER JOIN v_deportista d ON a.deportista_id = d.id
                INNER JOIN persona p2 ON d.persona_id = p2.id
                WHERE 1=1 ORDER BY a.fecha_solicitud DESC LIMIT 50 OFFSET 0)
[24-Sep-2026 14:40:14 America/Bogota] SQLSTATE[42S02]: Base table or view not found: 1146 Table 'voley_plus.v_afiliacion' doesn't exist (Connection: default, SQL: SELECT a.id,
                       CONCAT_WS(' ', p1.nombre1, p1.nombre2, p1.apellido1, p1.apellido2) AS acudiente_nombre,
                       CONCAT_WS(' ', p2.nombre1, p2.nombre2, p2.apellido1, p2.apellido2) AS deportista_nombre,
                       a.estado,
                       a.porcentaje_completado,
                       a.fecha_solicitud,
                       a.fecha_aprobacion
                FROM v_afiliacion a
                INNER JOIN v_acudiente ac ON a.acudiente_id = ac.id
                INNER JOIN persona p1 ON ac.persona_id = p1.id
                INNER JOIN v_deportista d ON a.deportista_id = d.id
                INNER JOIN persona p2 ON d.persona_id = p2.id
                WHERE 1=1 ORDER BY a.fecha_solicitud DESC)
[24-Sep-2026 14:40:14 America/Bogota] SQLSTATE[42S02]: Base table or view not found: 1146 Table 'voley_plus.v_afiliacion' doesn't exist (Connection: default, SQL: SELECT a.id,
                       CONCAT_WS(' ', p1.nombre1, p1.nombre2, p1.apellido1, p1.apellido2) AS acudiente_nombre,
                       CONCAT_WS(' ', p2.nombre1, p2.nombre2, p2.apellido1, p2.apellido2) AS deportista_nombre,
                       a.estado,
                       a.porcentaje_completado,
                       a.fecha_solicitud,
                       a.fecha_aprobacion
                FROM v_afiliacion a
                INNER JOIN v_acudiente ac ON a.acudiente_id = ac.id
                INNER JOIN persona p1 ON ac.persona_id = p1.id
                INNER JOIN v_deportista d ON a.deportista_id = d.id
                INNER JOIN persona p2 ON d.persona_id = p2.id
                WHERE 1=1 ORDER BY a.fecha_solicitud DESC LIMIT 50 OFFSET 0)
