[15-Sep-2026 11:46:05 America/Bogota] SQLSTATE[21000]: Cardinality violation: 1242 Subquery returns more than 1 row (Connection: default, SQL: SELECT
            m.*,
            (SELECT COUNT(*) FROM admin_menu WHERE padre = m.menu) as hijos,
            (SELECT 'S' FROM admin_permiso_menu p
             WHERE p.menu = m.menu AND p.rol = '1') as disponible
        FROM admin_menu m
        WHERE m.visible = 'S' AND m.acceso IN ('1','3','7')
        ORDER BY m.orden, m.nombre)
[15-Sep-2026 11:58:17 America/Bogota] SQLSTATE[21000]: Cardinality violation: 1242 Subquery returns more than 1 row (Connection: default, SQL: SELECT
            m.*,
            (SELECT COUNT(*) FROM admin_menu WHERE padre = m.menu) as hijos,
            (SELECT 'S' FROM admin_permiso_menu p
             WHERE p.menu = m.menu AND p.rol = '1') as disponible
        FROM admin_menu m
        WHERE m.visible = 'S' AND m.acceso IN ('1','3','7')
        ORDER BY m.orden, m.nombre)
[15-Sep-2026 11:58:18 America/Bogota] PHP Fatal error:  Uncaught Error: Failed opening required 'C:\xampp\htdocs\voley\modulos\admin\usuarios/../../php/clase_base.php' (include_path='C:\xampp\php\PEAR') in C:\xampp\htdocs\voley\modulos\admin\usuarios\acciones.php:12
Stack trace:
#0 C:\xampp\htdocs\voley\descarga.php(53): require_once()
#1 C:\xampp\htdocs\voley\index.php(55): require_once('C:\\xampp\\htdocs...')
#2 {main}
  thrown in C:\xampp\htdocs\voley\modulos\admin\usuarios\acciones.php on line 12
[15-Sep-2026 13:26:29 America/Bogota] SQLSTATE[21000]: Cardinality violation: 1242 Subquery returns more than 1 row (Connection: default, SQL: SELECT
            m.*,
            (SELECT COUNT(*) FROM admin_menu WHERE padre = m.menu) as hijos,
            (SELECT 'S' FROM admin_permiso_menu p
             WHERE p.menu = m.menu AND p.rol = '1') as disponible
        FROM admin_menu m
        WHERE m.visible = 'S' AND m.acceso IN ('1','3','7')
        ORDER BY m.orden, m.nombre)
[15-Sep-2026 13:26:30 America/Bogota] PHP Fatal error:  Uncaught Error: Failed opening required 'C:\xampp\htdocs\voley\modulos\admin\usuarios/../../php/clase_base.php' (include_path='C:\xampp\php\PEAR') in C:\xampp\htdocs\voley\modulos\admin\usuarios\acciones.php:12
Stack trace:
#0 C:\xampp\htdocs\voley\descarga.php(53): require_once()
#1 C:\xampp\htdocs\voley\index.php(55): require_once('C:\\xampp\\htdocs...')
#2 {main}
  thrown in C:\xampp\htdocs\voley\modulos\admin\usuarios\acciones.php on line 12
[15-Sep-2026 13:26:36 America/Bogota] SQLSTATE[21000]: Cardinality violation: 1242 Subquery returns more than 1 row (Connection: default, SQL: SELECT
            m.*,
            (SELECT COUNT(*) FROM admin_menu WHERE padre = m.menu) as hijos,
            (SELECT 'S' FROM admin_permiso_menu p
             WHERE p.menu = m.menu AND p.rol = '1') as disponible
        FROM admin_menu m
        WHERE m.visible = 'S' AND m.acceso IN ('1','3','7')
        ORDER BY m.orden, m.nombre)
[15-Sep-2026 13:26:38 America/Bogota] PHP Fatal error:  Uncaught Error: Failed opening required 'C:\xampp\htdocs\voley\modulos\admin\usuarios/../../php/clase_base.php' (include_path='C:\xampp\php\PEAR') in C:\xampp\htdocs\voley\modulos\admin\usuarios\acciones.php:12
Stack trace:
#0 C:\xampp\htdocs\voley\descarga.php(53): require_once()
#1 C:\xampp\htdocs\voley\index.php(55): require_once('C:\\xampp\\htdocs...')
#2 {main}
  thrown in C:\xampp\htdocs\voley\modulos\admin\usuarios\acciones.php on line 12
[15-Sep-2026 14:02:29 America/Bogota] SQLSTATE[21000]: Cardinality violation: 1242 Subquery returns more than 1 row (Connection: default, SQL: SELECT 
            m.*,
            (SELECT COUNT(*) FROM admin_menu WHERE padre=m.menu) as hijos,
            (SELECT 'S' FROM admin_permiso_menu p, admin_usuario u 
                    WHERE u.rol_id=p.rol AND p.menu=m.menu AND u.persona_id='1') as disponible
    FROM admin_menu m
    WHERE m.visible='S' AND m.acceso IN ('1','3','7')
    ORDER BY m.orden,m.nombre)
[15-Sep-2026 14:02:40 America/Bogota] SQLSTATE[21000]: Cardinality violation: 1242 Subquery returns more than 1 row (Connection: default, SQL: SELECT 
            m.*,
            (SELECT COUNT(*) FROM admin_menu WHERE padre=m.menu) as hijos,
            (SELECT 'S' FROM admin_permiso_menu p, admin_usuario u 
                    WHERE u.rol_id=p.rol AND p.menu=m.menu AND u.persona_id='1') as disponible
    FROM admin_menu m
    WHERE m.visible='S' AND m.acceso IN ('1','3','7')
    ORDER BY m.orden,m.nombre)
[15-Sep-2026 14:04:01 America/Bogota] SQLSTATE[21000]: Cardinality violation: 1242 Subquery returns more than 1 row (Connection: default, SQL: SELECT 
            m.*,
            (SELECT COUNT(*) FROM admin_menu WHERE padre=m.menu) as hijos,
            (SELECT 'S' FROM admin_permiso_menu p, admin_usuario u 
                    WHERE u.rol_id=p.rol AND p.menu=m.menu AND u.persona_id='1') as disponible
    FROM admin_menu m
    WHERE m.visible='S' AND m.acceso IN ('1','3','7')
    ORDER BY m.orden,m.nombre)
