[25-Sep-2026 08:31:29 America/Bogota] SQLSTATE[42S02]: Base table or view not found: 1146 Table 'voley_plus.v_afiliacion' doesn't exist (Connection: default, SQL: SELECT a.id,
                       CONCAT_WS(' ', p1.nombre1, p1.nombre2, p1.apellido1, p1.apellido2) AS acudiente_nombre,
                       CONCAT_WS(' ', p2.nombre1, p2.nombre2, p2.apellido1, p2.apellido2) AS deportista_nombre,
                       a.estado,
                       a.porcentaje_completado,
                       a.fecha_solicitud,
                       a.fecha_aprobacion
                FROM v_afiliacion a
                INNER JOIN v_acudiente ac ON a.acudiente_id = ac.id
                INNER JOIN persona p1 ON ac.persona_id = p1.id
                INNER JOIN v_deportista d ON a.deportista_id = d.id
                INNER JOIN persona p2 ON d.persona_id = p2.id
                WHERE 1=1 ORDER BY a.fecha_solicitud DESC)
[25-Sep-2026 08:31:29 America/Bogota] SQLSTATE[42S02]: Base table or view not found: 1146 Table 'voley_plus.v_afiliacion' doesn't exist (Connection: default, SQL: SELECT a.id,
                       CONCAT_WS(' ', p1.nombre1, p1.nombre2, p1.apellido1, p1.apellido2) AS acudiente_nombre,
                       CONCAT_WS(' ', p2.nombre1, p2.nombre2, p2.apellido1, p2.apellido2) AS deportista_nombre,
                       a.estado,
                       a.porcentaje_completado,
                       a.fecha_solicitud,
                       a.fecha_aprobacion
                FROM v_afiliacion a
                INNER JOIN v_acudiente ac ON a.acudiente_id = ac.id
                INNER JOIN persona p1 ON ac.persona_id = p1.id
                INNER JOIN v_deportista d ON a.deportista_id = d.id
                INNER JOIN persona p2 ON d.persona_id = p2.id
                WHERE 1=1 ORDER BY a.fecha_solicitud DESC LIMIT 50 OFFSET 0)
[25-Sep-2026 08:32:29 America/Bogota] SQLSTATE[42S02]: Base table or view not found: 1146 Table 'voley_plus.v_afiliacion' doesn't exist (Connection: default, SQL: SELECT a.id,
                       CONCAT_WS(' ', p1.nombre1, p1.nombre2, p1.apellido1, p1.apellido2) AS acudiente_nombre,
                       CONCAT_WS(' ', p2.nombre1, p2.nombre2, p2.apellido1, p2.apellido2) AS deportista_nombre,
                       a.estado,
                       a.porcentaje_completado,
                       a.fecha_solicitud,
                       a.fecha_aprobacion
                FROM v_afiliacion a
                INNER JOIN v_acudiente ac ON a.acudiente_id = ac.id
                INNER JOIN persona p1 ON ac.persona_id = p1.id
                INNER JOIN v_deportista d ON a.deportista_id = d.id
                INNER JOIN persona p2 ON d.persona_id = p2.id
                WHERE 1=1 ORDER BY a.fecha_solicitud DESC)
[25-Sep-2026 08:32:29 America/Bogota] SQLSTATE[42S02]: Base table or view not found: 1146 Table 'voley_plus.v_afiliacion' doesn't exist (Connection: default, SQL: SELECT a.id,
                       CONCAT_WS(' ', p1.nombre1, p1.nombre2, p1.apellido1, p1.apellido2) AS acudiente_nombre,
                       CONCAT_WS(' ', p2.nombre1, p2.nombre2, p2.apellido1, p2.apellido2) AS deportista_nombre,
                       a.estado,
                       a.porcentaje_completado,
                       a.fecha_solicitud,
                       a.fecha_aprobacion
                FROM v_afiliacion a
                INNER JOIN v_acudiente ac ON a.acudiente_id = ac.id
                INNER JOIN persona p1 ON ac.persona_id = p1.id
                INNER JOIN v_deportista d ON a.deportista_id = d.id
                INNER JOIN persona p2 ON d.persona_id = p2.id
                WHERE 1=1 ORDER BY a.fecha_solicitud DESC LIMIT 50 OFFSET 0)
[25-Sep-2026 08:37:45 America/Bogota] SQLSTATE[42S02]: Base table or view not found: 1146 Table 'voley_plus.v_afiliacion' doesn't exist (Connection: default, SQL: SELECT a.id,
                       CONCAT_WS(' ', p1.nombre1, p1.nombre2, p1.apellido1, p1.apellido2) AS acudiente_nombre,
                       CONCAT_WS(' ', p2.nombre1, p2.nombre2, p2.apellido1, p2.apellido2) AS deportista_nombre,
                       a.estado,
                       a.porcentaje_completado,
                       a.fecha_solicitud,
                       a.fecha_aprobacion
                FROM v_afiliacion a
                INNER JOIN v_acudiente ac ON a.acudiente_id = ac.id
                INNER JOIN persona p1 ON ac.persona_id = p1.id
                INNER JOIN v_deportista d ON a.deportista_id = d.id
                INNER JOIN persona p2 ON d.persona_id = p2.id
                WHERE 1=1 ORDER BY a.fecha_solicitud DESC)
[25-Sep-2026 08:37:45 America/Bogota] SQLSTATE[42S02]: Base table or view not found: 1146 Table 'voley_plus.v_afiliacion' doesn't exist (Connection: default, SQL: SELECT a.id,
                       CONCAT_WS(' ', p1.nombre1, p1.nombre2, p1.apellido1, p1.apellido2) AS acudiente_nombre,
                       CONCAT_WS(' ', p2.nombre1, p2.nombre2, p2.apellido1, p2.apellido2) AS deportista_nombre,
                       a.estado,
                       a.porcentaje_completado,
                       a.fecha_solicitud,
                       a.fecha_aprobacion
                FROM v_afiliacion a
                INNER JOIN v_acudiente ac ON a.acudiente_id = ac.id
                INNER JOIN persona p1 ON ac.persona_id = p1.id
                INNER JOIN v_deportista d ON a.deportista_id = d.id
                INNER JOIN persona p2 ON d.persona_id = p2.id
                WHERE 1=1 ORDER BY a.fecha_solicitud DESC LIMIT 50 OFFSET 0)
[25-Sep-2026 08:37:50 America/Bogota] SQLSTATE[42S02]: Base table or view not found: 1146 Table 'voley_plus.v_afiliacion' doesn't exist (Connection: default, SQL: SELECT a.id,
                       CONCAT_WS(' ', p1.nombre1, p1.nombre2, p1.apellido1, p1.apellido2) AS acudiente_nombre,
                       CONCAT_WS(' ', p2.nombre1, p2.nombre2, p2.apellido1, p2.apellido2) AS deportista_nombre,
                       a.estado,
                       a.porcentaje_completado,
                       a.fecha_solicitud,
                       a.fecha_aprobacion
                FROM v_afiliacion a
                INNER JOIN v_acudiente ac ON a.acudiente_id = ac.id
                INNER JOIN persona p1 ON ac.persona_id = p1.id
                INNER JOIN v_deportista d ON a.deportista_id = d.id
                INNER JOIN persona p2 ON d.persona_id = p2.id
                WHERE 1=1 ORDER BY a.fecha_solicitud DESC)
[25-Sep-2026 08:37:50 America/Bogota] SQLSTATE[42S02]: Base table or view not found: 1146 Table 'voley_plus.v_afiliacion' doesn't exist (Connection: default, SQL: SELECT a.id,
                       CONCAT_WS(' ', p1.nombre1, p1.nombre2, p1.apellido1, p1.apellido2) AS acudiente_nombre,
                       CONCAT_WS(' ', p2.nombre1, p2.nombre2, p2.apellido1, p2.apellido2) AS deportista_nombre,
                       a.estado,
                       a.porcentaje_completado,
                       a.fecha_solicitud,
                       a.fecha_aprobacion
                FROM v_afiliacion a
                INNER JOIN v_acudiente ac ON a.acudiente_id = ac.id
                INNER JOIN persona p1 ON ac.persona_id = p1.id
                INNER JOIN v_deportista d ON a.deportista_id = d.id
                INNER JOIN persona p2 ON d.persona_id = p2.id
                WHERE 1=1 ORDER BY a.fecha_solicitud DESC LIMIT 50 OFFSET 0)
[25-Sep-2026 08:37:54 America/Bogota] SQLSTATE[42S02]: Base table or view not found: 1146 Table 'voley_plus.v_afiliacion' doesn't exist (Connection: default, SQL: SELECT a.id,
                       CONCAT_WS(' ', p1.nombre1, p1.nombre2, p1.apellido1, p1.apellido2) AS acudiente_nombre,
                       CONCAT_WS(' ', p2.nombre1, p2.nombre2, p2.apellido1, p2.apellido2) AS deportista_nombre,
                       a.estado,
                       a.porcentaje_completado,
                       a.fecha_solicitud,
                       a.fecha_aprobacion
                FROM v_afiliacion a
                INNER JOIN v_acudiente ac ON a.acudiente_id = ac.id
                INNER JOIN persona p1 ON ac.persona_id = p1.id
                INNER JOIN v_deportista d ON a.deportista_id = d.id
                INNER JOIN persona p2 ON d.persona_id = p2.id
                WHERE 1=1 ORDER BY a.fecha_solicitud DESC)
[25-Sep-2026 08:37:54 America/Bogota] SQLSTATE[42S02]: Base table or view not found: 1146 Table 'voley_plus.v_afiliacion' doesn't exist (Connection: default, SQL: SELECT a.id,
                       CONCAT_WS(' ', p1.nombre1, p1.nombre2, p1.apellido1, p1.apellido2) AS acudiente_nombre,
                       CONCAT_WS(' ', p2.nombre1, p2.nombre2, p2.apellido1, p2.apellido2) AS deportista_nombre,
                       a.estado,
                       a.porcentaje_completado,
                       a.fecha_solicitud,
                       a.fecha_aprobacion
                FROM v_afiliacion a
                INNER JOIN v_acudiente ac ON a.acudiente_id = ac.id
                INNER JOIN persona p1 ON ac.persona_id = p1.id
                INNER JOIN v_deportista d ON a.deportista_id = d.id
                INNER JOIN persona p2 ON d.persona_id = p2.id
                WHERE 1=1 ORDER BY a.fecha_solicitud DESC LIMIT 50 OFFSET 0)
[25-Sep-2026 08:41:51 America/Bogota] SQLSTATE[42S02]: Base table or view not found: 1146 Table 'voley_plus.v_acudiente' doesn't exist (Connection: default, SQL: SELECT ac.id, CONCAT_WS(' ', p.nombre1, p.nombre2, p.apellido1, p.apellido2, ' [', p.identificacion, ']') AS nombre
                FROM v_acudiente ac
                INNER JOIN persona p ON ac.persona_id = p.id
                WHERE ac.activo = 1
                ORDER BY p.nombre1, p.apellido1)
[25-Sep-2026 08:41:51 America/Bogota] SQLSTATE[42S02]: Base table or view not found: 1146 Table 'voley_plus.v_deportista' doesn't exist (Connection: default, SQL: SELECT d.id, CONCAT_WS(' ', p.nombre1, p.nombre2, p.apellido1, p.apellido2, ' [', p.identificacion, ']') AS nombre
                FROM v_deportista d
                INNER JOIN persona p ON d.persona_id = p.id
                WHERE d.estado = 'activo'
                ORDER BY p.nombre1, p.apellido1)
[25-Sep-2026 08:54:23 America/Bogota] SQLSTATE[42S02]: Base table or view not found: 1146 Table 'voley_plus.v_afiliacion' doesn't exist (Connection: default, SQL: SELECT a.id,
                       CONCAT_WS(' ', p1.nombre1, p1.nombre2, p1.apellido1, p1.apellido2) AS acudiente_nombre,
                       CONCAT_WS(' ', p2.nombre1, p2.nombre2, p2.apellido1, p2.apellido2) AS deportista_nombre,
                       a.estado,
                       a.porcentaje_completado,
                       a.fecha_solicitud,
                       a.fecha_aprobacion
                FROM v_afiliacion a
                INNER JOIN v_acudiente ac ON a.acudiente_id = ac.id
                INNER JOIN persona p1 ON ac.persona_id = p1.id
                INNER JOIN v_deportista d ON a.deportista_id = d.id
                INNER JOIN persona p2 ON d.persona_id = p2.id
                WHERE 1=1 ORDER BY a.fecha_solicitud DESC)
[25-Sep-2026 08:54:23 America/Bogota] SQLSTATE[42S02]: Base table or view not found: 1146 Table 'voley_plus.v_afiliacion' doesn't exist (Connection: default, SQL: SELECT a.id,
                       CONCAT_WS(' ', p1.nombre1, p1.nombre2, p1.apellido1, p1.apellido2) AS acudiente_nombre,
                       CONCAT_WS(' ', p2.nombre1, p2.nombre2, p2.apellido1, p2.apellido2) AS deportista_nombre,
                       a.estado,
                       a.porcentaje_completado,
                       a.fecha_solicitud,
                       a.fecha_aprobacion
                FROM v_afiliacion a
                INNER JOIN v_acudiente ac ON a.acudiente_id = ac.id
                INNER JOIN persona p1 ON ac.persona_id = p1.id
                INNER JOIN v_deportista d ON a.deportista_id = d.id
                INNER JOIN persona p2 ON d.persona_id = p2.id
                WHERE 1=1 ORDER BY a.fecha_solicitud DESC LIMIT 50 OFFSET 0)
[25-Sep-2026 09:57:04 America/Bogota] SQLSTATE[42S22]: Column not found: 1054 Unknown column 'au.rol_id' in 'where clause' (Connection: default, SQL: SELECT r.*,
                       (SELECT COUNT(*) FROM admin_usuario au WHERE au.rol_id = r.id) AS total_usuarios
                FROM admin_rol r
                WHERE 1=1 ORDER BY r.id ASC)
[25-Sep-2026 09:57:04 America/Bogota] SQLSTATE[42S22]: Column not found: 1054 Unknown column 'au.rol_id' in 'where clause' (Connection: default, SQL: SELECT r.*,
                       (SELECT COUNT(*) FROM admin_usuario au WHERE au.rol_id = r.id) AS total_usuarios
                FROM admin_rol r
                WHERE 1=1 ORDER BY r.id ASC LIMIT 10 OFFSET 0)
