[28-Sep-2026 10:35:42 America/Bogota] PHP Fatal error:  Uncaught Error: Failed opening required 'C:\xampp\htdocs\voley\modulos\afiliacion/../../../php/clase_base.php' (include_path='C:\xampp\php\PEAR') in C:\xampp\htdocs\voley\modulos\afiliacion\acciones.php:5
Stack trace:
#0 C:\xampp\htdocs\voley\descarga.php(53): require_once()
#1 C:\xampp\htdocs\voley\index.php(55): require_once('C:\\xampp\\htdocs...')
#2 {main}
  thrown in C:\xampp\htdocs\voley\modulos\afiliacion\acciones.php on line 5
[28-Sep-2026 10:35:43 America/Bogota] PHP Fatal error:  Uncaught Error: Failed opening required 'C:\xampp\htdocs\voley\modulos\afiliacion/../../../php/clase_base.php' (include_path='C:\xampp\php\PEAR') in C:\xampp\htdocs\voley\modulos\afiliacion\acciones.php:5
Stack trace:
#0 C:\xampp\htdocs\voley\descarga.php(53): require_once()
#1 C:\xampp\htdocs\voley\index.php(55): require_once('C:\\xampp\\htdocs...')
#2 {main}
  thrown in C:\xampp\htdocs\voley\modulos\afiliacion\acciones.php on line 5
[28-Sep-2026 10:36:13 America/Bogota] PHP Fatal error:  Uncaught Error: Failed opening required 'C:\xampp\htdocs\voley\modulos\afiliacion/../../../php/clase_base.php' (include_path='C:\xampp\php\PEAR') in C:\xampp\htdocs\voley\modulos\afiliacion\acciones.php:5
Stack trace:
#0 C:\xampp\htdocs\voley\descarga.php(53): require_once()
#1 C:\xampp\htdocs\voley\index.php(55): require_once('C:\\xampp\\htdocs...')
#2 {main}
  thrown in C:\xampp\htdocs\voley\modulos\afiliacion\acciones.php on line 5
[28-Sep-2026 10:36:13 America/Bogota] PHP Fatal error:  Uncaught Error: Failed opening required 'C:\xampp\htdocs\voley\modulos\afiliacion/../../../php/clase_base.php' (include_path='C:\xampp\php\PEAR') in C:\xampp\htdocs\voley\modulos\afiliacion\acciones.php:5
Stack trace:
#0 C:\xampp\htdocs\voley\descarga.php(53): require_once()
#1 C:\xampp\htdocs\voley\index.php(55): require_once('C:\\xampp\\htdocs...')
#2 {main}
  thrown in C:\xampp\htdocs\voley\modulos\afiliacion\acciones.php on line 5
[28-Sep-2026 10:45:29 America/Bogota] PHP Fatal error:  Uncaught Error: Failed opening required 'C:\xampp\htdocs\voley\modulos\afiliacion/../../../php/clase_base.php' (include_path='C:\xampp\php\PEAR') in C:\xampp\htdocs\voley\modulos\afiliacion\acciones.php:5
Stack trace:
#0 C:\xampp\htdocs\voley\descarga.php(53): require_once()
#1 C:\xampp\htdocs\voley\index.php(55): require_once('C:\\xampp\\htdocs...')
#2 {main}
  thrown in C:\xampp\htdocs\voley\modulos\afiliacion\acciones.php on line 5
[28-Sep-2026 10:45:29 America/Bogota] PHP Fatal error:  Uncaught Error: Failed opening required 'C:\xampp\htdocs\voley\modulos\afiliacion/../../../php/clase_base.php' (include_path='C:\xampp\php\PEAR') in C:\xampp\htdocs\voley\modulos\afiliacion\acciones.php:5
Stack trace:
#0 C:\xampp\htdocs\voley\descarga.php(53): require_once()
#1 C:\xampp\htdocs\voley\index.php(55): require_once('C:\\xampp\\htdocs...')
#2 {main}
  thrown in C:\xampp\htdocs\voley\modulos\afiliacion\acciones.php on line 5
[28-Sep-2026 10:45:40 America/Bogota] PHP Fatal error:  Uncaught Error: Failed opening required 'C:\xampp\htdocs\voley\modulos\afiliacion/../../../php/clase_base.php' (include_path='C:\xampp\php\PEAR') in C:\xampp\htdocs\voley\modulos\afiliacion\acciones.php:5
Stack trace:
#0 C:\xampp\htdocs\voley\descarga.php(53): require_once()
#1 C:\xampp\htdocs\voley\index.php(55): require_once('C:\\xampp\\htdocs...')
#2 {main}
  thrown in C:\xampp\htdocs\voley\modulos\afiliacion\acciones.php on line 5
[28-Sep-2026 10:45:41 America/Bogota] PHP Fatal error:  Uncaught Error: Failed opening required 'C:\xampp\htdocs\voley\modulos\afiliacion/../../../php/clase_base.php' (include_path='C:\xampp\php\PEAR') in C:\xampp\htdocs\voley\modulos\afiliacion\acciones.php:5
Stack trace:
#0 C:\xampp\htdocs\voley\descarga.php(53): require_once()
#1 C:\xampp\htdocs\voley\index.php(55): require_once('C:\\xampp\\htdocs...')
#2 {main}
  thrown in C:\xampp\htdocs\voley\modulos\afiliacion\acciones.php on line 5
